============================= test session starts =============================
platform win32 -- Python 3.13.3, pytest-8.3.5, pluggy-1.5.0 -- D:\local_reconcile\.venv\Scripts\python.exe
cachedir: .pytest_cache
rootdir: D:\local_reconcile
plugins: dependency-0.6.0
collecting ... collected 89 items

tests/test_1_utils.py::TestDateStandardization::test_iso_format PASSED   [  1%]
tests/test_1_utils.py::TestDateStandardization::test_us_format PASSED    [  2%]
tests/test_1_utils.py::TestDateStandardization::test_invalid_dates PASSED [  3%]
tests/test_1_utils.py::TestAmountCleaning::test_positive_amounts PASSED  [  4%]
tests/test_1_utils.py::TestAmountCleaning::test_negative_amounts PASSED  [  5%]
tests/test_1_utils.py::TestAmountCleaning::test_invalid_amounts PASSED   [  6%]
tests/test_1_utils.py::TestAmountCleaning::test_edge_cases PASSED        [  7%]
tests/test_1_utils.py::TestDirectoryOperations::test_ensure_directory FAILED [  8%]
tests/test_1_utils.py::TestDirectoryOperations::test_create_output_directories SKIPPED [ 10%]
tests/test_1_utils.py::test_setup_logging FAILED                         [ 11%]
tests/test_2_file_formats.py::TestFormatValidation::test_invalid_data_types PASSED [ 12%]
tests/test_2_file_formats.py::TestFormatValidation::test_amount_validation PASSED [ 13%]
tests/test_2_file_formats.py::TestFormatValidation::test_date_validation PASSED [ 14%]
tests/test_2_file_formats.py::TestFormatValidation::test_description_validation PASSED [ 15%]
tests/test_2_file_formats.py::TestFormatValidation::test_category_validation PASSED [ 16%]
tests/test_2_file_formats.py::TestFormatValidation::test_date_order_validation PASSED [ 17%]
tests/test_2_file_formats.py::TestFormatValidation::test_chase_format_validation PASSED [ 19%]
tests/test_2_file_formats.py::TestFormatValidation::test_discover_format_validation PASSED [ 20%]
tests/test_2_file_formats.py::TestFormatValidation::test_capital_one_format_validation PASSED [ 21%]
tests/test_2_file_formats.py::TestFormatValidation::test_alliant_checking_format_validation PASSED [ 22%]
tests/test_2_file_formats.py::TestFormatValidation::test_alliant_visa_format_validation PASSED [ 23%]
tests/test_2_file_formats.py::TestFormatValidation::test_amex_format_validation FAILED [ 24%]
tests/test_2_file_formats.py::test_data_conversion_consistency FAILED    [ 25%]
tests/test_2_file_formats.py::test_empower_account_extraction PASSED     [ 26%]
tests/test_2_file_formats.py::test_output_format_specification PASSED    [ 28%]
tests/test_2_file_formats.py::test_reconciled_format_validation PASSED   [ 29%]
tests/test_2_file_formats.py::test_aggregator_format_validation PASSED   [ 30%]
tests/test_3_file_loads.py::test_csv_import FAILED                       [ 31%]
tests/test_3_file_loads.py::test_file_format_detection[discover] PASSED  [ 32%]
tests/test_3_file_loads.py::test_file_format_detection[amex] PASSED      [ 33%]
tests/test_3_file_loads.py::test_file_format_detection[capital_one] PASSED [ 34%]
tests/test_3_file_loads.py::test_file_format_detection[chase] FAILED     [ 35%]
tests/test_3_file_loads.py::test_file_format_detection[alliant_checking] PASSED [ 37%]
tests/test_3_file_loads.py::test_file_format_detection[alliant_visa] PASSED [ 38%]
tests/test_3_file_loads.py::test_file_format_detection[aggregator] FAILED [ 39%]
tests/test_3_file_loads.py::test_folder_import PASSED                    [ 40%]
tests/test_3_file_loads.py::test_invalid_file_handling FAILED            [ 41%]
tests/test_3_file_loads.py::test_amount_sign_consistency PASSED          [ 42%]
tests/test_3_file_loads.py::test_capitalized_file_extensions FAILED      [ 43%]
tests/test_4_format_standardization.py::TestDiscoverFormat::test_basic_processing PASSED [ 44%]
tests/test_4_format_standardization.py::TestDiscoverFormat::test_amount_handling PASSED [ 46%]
tests/test_4_format_standardization.py::TestAmexFormat::test_basic_processing PASSED [ 47%]
tests/test_4_format_standardization.py::TestAmexFormat::test_amount_handling PASSED [ 48%]
tests/test_4_format_standardization.py::TestCapitalOneFormat::test_basic_processing PASSED [ 49%]
tests/test_4_format_standardization.py::TestCapitalOneFormat::test_amount_handling PASSED [ 50%]
tests/test_4_format_standardization.py::TestCapitalOneFormat::test_credit_handling PASSED [ 51%]
tests/test_4_format_standardization.py::TestAlliantFormat::test_basic_processing PASSED [ 52%]
tests/test_4_format_standardization.py::TestAlliantFormat::test_amount_handling PASSED [ 53%]
tests/test_4_format_standardization.py::TestChaseFormat::test_basic_processing PASSED [ 55%]
tests/test_4_format_standardization.py::TestChaseFormat::test_amount_handling PASSED [ 56%]
tests/test_4_format_standardization.py::TestAggregatorFormat::test_basic_processing PASSED [ 57%]
tests/test_4_format_standardization.py::TestAggregatorFormat::test_amount_handling PASSED [ 58%]
tests/test_4_format_standardization.py::TestStandardization::test_amount_standardization PASSED [ 59%]
tests/test_4_format_standardization.py::TestStandardization::test_date_standardization PASSED [ 60%]
tests/test_4_format_standardization.py::TestCategoryStandardization::test_handle_empty_categories PASSED [ 61%]
tests/test_4_format_standardization.py::TestCategoryStandardization::test_handle_unknown_categories PASSED [ 62%]
tests/test_4_format_standardization.py::test_full_standardization_pipeline PASSED [ 64%]
tests/test_4_format_standardization.py::test_category_standardization PASSED [ 65%]
tests/test_4_format_standardization.py::TestDescriptionStandardization::test_newline_preservation PASSED [ 66%]
tests/test_4_format_standardization.py::TestDescriptionStandardization::test_multiple_newlines PASSED [ 67%]
tests/test_4_format_standardization.py::TestDescriptionStandardization::test_no_newlines PASSED [ 68%]
tests/test_5_reconciliation.py::test_setup_logging FAILED                [ 69%]
tests/test_5_reconciliation.py::test_ensure_directory FAILED             [ 70%]
tests/test_5_reconciliation.py::test_import_csv PASSED                   [ 71%]
tests/test_5_reconciliation.py::test_import_folder FAILED                [ 73%]
tests/test_5_reconciliation.py::TestReconciliation::test_basic_matching PASSED [ 74%]
tests/test_5_reconciliation.py::TestReconciliation::test_multiple_matches PASSED [ 75%]
tests/test_5_reconciliation.py::TestReconciliation::test_unmatched_transactions PASSED [ 76%]
tests/test_5_reconciliation.py::TestReconciliation::test_duplicate_handling PASSED [ 77%]
tests/test_5_reconciliation.py::TestReconciliation::test_date_matching PASSED [ 78%]
tests/test_5_reconciliation.py::TestReconciliation::test_amount_matching PASSED [ 79%]
tests/test_5_reconciliation.py::TestReconciliation::test_reconciled_output_format PASSED [ 80%]
tests/test_5_reconciliation.py::TestReconciliation::test_reconciled_key_format PASSED [ 82%]
tests/test_5_reconciliation.py::TestReconciliation::test_tag_preservation PASSED [ 83%]
tests/test_5_reconciliation.py::TestReconciliation::test_aggregator_field_precedence PASSED [ 84%]
tests/test_5_reconciliation.py::test_calculate_discrepancies PASSED      [ 85%]
tests/test_6_reporting.py::test_ensure_directory PASSED                  [ 86%]
tests/test_6_reporting.py::test_import_csv PASSED                        [ 87%]
tests/test_6_reporting.py::test_import_folder PASSED                     [ 88%]
tests/test_6_reporting.py::TestReporting::test_report_generation PASSED  [ 89%]
tests/test_6_reporting.py::TestReporting::test_results_saving PASSED     [ 91%]
tests/test_6_reporting.py::TestReporting::test_report_summary PASSED     [ 92%]
tests/test_6_reporting.py::test_report_validation FAILED                 [ 93%]
tests/test_6_reporting.py::test_empty_results_handling PASSED            [ 94%]
tests/test_6_reporting.py::test_output_format_validation FAILED          [ 95%]
tests/test_6_reporting.py::test_report_generation_with_matched_and_unmatched PASSED [ 96%]
tests/test_6_reporting.py::test_report_generation_empty_data PASSED      [ 97%]
tests/test_6_reporting.py::test_save_reconciliation_results FAILED       [ 98%]
tests/test_6_reporting.py::test_reconciled_output_format PASSED          [100%]

================================== FAILURES ===================================
________________ TestDirectoryOperations.test_ensure_directory ________________
tests\test_1_utils.py:182: in test_ensure_directory
    with pytest.raises(ValueError):
E   Failed: DID NOT RAISE <class 'ValueError'>
_____________________________ test_setup_logging ______________________________
tests\test_1_utils.py:219: in test_setup_logging
    assert log_file.exists()
E   AssertionError: assert False
E    +  where False = exists()
E    +    where exists = WindowsPath('C:/Users/price/AppData/Local/Temp/pytest-of-price/pytest-424/test_setup_logging0/test.log').exists
______________ TestFormatValidation.test_amex_format_validation _______________
tests\test_2_file_formats.py:492: in test_amex_format_validation
    process_amex_format(df)
src\reconcile.py:414: in process_amex_format
    result['Transaction Date'] = df['Date'].apply(standardize_date)
.venv\Lib\site-packages\pandas\core\series.py:4924: in apply
    ).apply()
.venv\Lib\site-packages\pandas\core\apply.py:1427: in apply
    return self.apply_standard()
.venv\Lib\site-packages\pandas\core\apply.py:1507: in apply_standard
    mapped = obj._map_values(
.venv\Lib\site-packages\pandas\core\base.py:921: in _map_values
    return algorithms.map_array(arr, mapper, na_action=na_action, convert=convert)
.venv\Lib\site-packages\pandas\core\algorithms.py:1743: in map_array
    return lib.map_infer(values, mapper, convert=convert)
lib.pyx:2972: in pandas._libs.lib.map_infer
    ???
src\reconcile.py:85: in standardize_date
    raise ValueError(f"Invalid date format: {date_str}")
E   ValueError: Invalid date format: invalid

During handling of the above exception, another exception occurred:
tests\test_2_file_formats.py:491: in test_amex_format_validation
    with pytest.raises(ValueError, match="Invalid amount format"):
E   AssertionError: Regex pattern did not match.
E    Regex: 'Invalid amount format'
E    Input: 'Invalid date format: invalid'
______________________ test_data_conversion_consistency _______________________
tests\test_2_file_formats.py:537: in test_data_conversion_consistency
    assert all(col in result.columns for col in required_columns), f"Missing required columns in {format_name} format"
E   AssertionError: Missing required columns in chase format
E   assert False
E    +  where False = all(<generator object test_data_conversion_consistency.<locals>.<genexpr> at 0x0000020D2EF00D40>)
_______________________________ test_csv_import _______________________________
src\reconcile.py:844: in import_csv
    format_type = identify_format(df)
src\reconcile.py:768: in identify_format
    raise ValueError(f"Unknown file format: {df.columns.tolist()}")
E   ValueError: Unknown file format: ['Transaction Date', 'Post Date', 'Description', 'Amount', 'Category']

During handling of the above exception, another exception occurred:
tests\test_3_file_loads.py:42: in test_csv_import
    result = import_csv(file_path)
src\reconcile.py:871: in import_csv
    raise ValueError(f"Error processing {file_path}: {str(e)}")
E   ValueError: Error processing C:\Users\price\AppData\Local\Temp\pytest-of-price\pytest-424\test_csv_import0\test.csv: Unknown file format: ['Transaction Date', 'Post Date', 'Description', 'Amount', 'Category']
______________________ test_file_format_detection[chase] ______________________
tests\test_3_file_loads.py:68: in test_file_format_detection
    assert all(col in result.columns for col in ['Transaction Date', 'Post Date', 'Description', 'Amount', 'Category', 'source_file'])
E   assert False
E    +  where False = all(<generator object test_file_format_detection.<locals>.<genexpr> at 0x0000020D2E589A40>)
___________________ test_file_format_detection[aggregator] ____________________
tests\test_3_file_loads.py:62: in test_file_format_detection
    df = create_test_df(format_name)
tests\conftest.py:83: in _create_df
    raise ValueError(f"Unknown format: {format_name}")
E   ValueError: Unknown format: aggregator
_________________________ test_invalid_file_handling __________________________
src\reconcile.py:817: in import_csv
    df = pd.read_csv(
.venv\Lib\site-packages\pandas\io\parsers\readers.py:1026: in read_csv
    return _read(filepath_or_buffer, kwds)
.venv\Lib\site-packages\pandas\io\parsers\readers.py:620: in _read
    parser = TextFileReader(filepath_or_buffer, **kwds)
.venv\Lib\site-packages\pandas\io\parsers\readers.py:1620: in __init__
    self._engine = self._make_engine(f, self.engine)
.venv\Lib\site-packages\pandas\io\parsers\readers.py:1898: in _make_engine
    return mapping[engine](f, **self.options)
.venv\Lib\site-packages\pandas\io\parsers\c_parser_wrapper.py:93: in __init__
    self._reader = parsers.TextReader(src, **kwds)
parsers.pyx:581: in pandas._libs.parsers.TextReader.__cinit__
    ???
E   pandas.errors.EmptyDataError: No columns to parse from file

During handling of the above exception, another exception occurred:
tests\test_3_file_loads.py:114: in test_invalid_file_handling
    import_csv(str(empty_file))
src\reconcile.py:871: in import_csv
    raise ValueError(f"Error processing {file_path}: {str(e)}")
E   ValueError: Error processing C:\Users\price\AppData\Local\Temp\pytest-of-price\pytest-424\test_invalid_file_handling0\empty.csv: No columns to parse from file

During handling of the above exception, another exception occurred:
tests\test_3_file_loads.py:113: in test_invalid_file_handling
    with pytest.raises(ValueError, match="Could not read CSV file with any supported encoding"):
E   AssertionError: Regex pattern did not match.
E    Regex: 'Could not read CSV file with any supported encoding'
E    Input: 'Error processing C:\\Users\\price\\AppData\\Local\\Temp\\pytest-of-price\\pytest-424\\test_invalid_file_handling0\\empty.csv: No columns to parse from file'
______________________ test_capitalized_file_extensions _______________________
src\reconcile.py:844: in import_csv
    format_type = identify_format(df)
src\reconcile.py:768: in identify_format
    raise ValueError(f"Unknown file format: {df.columns.tolist()}")
E   ValueError: Unknown file format: ['Transaction Date', 'Post Date', 'Description', 'Amount', 'Category']

During handling of the above exception, another exception occurred:
tests\test_3_file_loads.py:164: in test_capitalized_file_extensions
    result = import_csv(file_path)
src\reconcile.py:871: in import_csv
    raise ValueError(f"Error processing {file_path}: {str(e)}")
E   ValueError: Error processing C:\Users\price\AppData\Local\Temp\pytest-of-price\pytest-424\test_capitalized_file_extensio0\test.CSV: Unknown file format: ['Transaction Date', 'Post Date', 'Description', 'Amount', 'Category']
_____________________________ test_setup_logging ______________________________
tests\test_5_reconciliation.py:135: in test_setup_logging
    assert log_file.exists()
E   AssertionError: assert False
E    +  where False = exists()
E    +    where exists = WindowsPath('C:/Users/price/AppData/Local/Temp/pytest-of-price/pytest-424/test_setup_logging1/test.log').exists
____________________________ test_ensure_directory ____________________________
tests\test_5_reconciliation.py:157: in test_ensure_directory
    with pytest.raises(ValueError):
E   Failed: DID NOT RAISE <class 'ValueError'>
_____________________________ test_import_folder ______________________________
tests\test_5_reconciliation.py:189: in test_import_folder
    assert source_files == {'test1', 'test2'}
E   AssertionError: assert {'test1.csv', 'test2.csv'} == {'test1', 'test2'}
E     
E     Extra items in the left set:
E     'test2.csv'
E     'test1.csv'
E     Extra items in the right set:
E     'test1'
E     'test2'...
E     
E     ...Full output truncated (10 lines hidden), use '-vv' to show
---------------------------- Captured stderr call -----------------------------
2025-05-10 18:41:42,787 - src.reconcile - INFO - Importing folder: C:\Users\price\AppData\Local\Temp\pytest-of-price\pytest-424\test_import_folder0
2025-05-10 18:41:42,792 - src.reconcile - INFO - Identifying file format
2025-05-10 18:41:42,792 - src.reconcile - INFO - DataFrame columns: ['Transaction Date', 'Post Date', 'Description', 'Amount', 'Category', 'source_file']
2025-05-10 18:41:42,793 - src.reconcile - INFO - Identified format: test
2025-05-10 18:41:42,797 - src.reconcile - INFO - Identifying file format
2025-05-10 18:41:42,798 - src.reconcile - INFO - DataFrame columns: ['Transaction Date', 'Post Date', 'Description', 'Amount', 'Category', 'source_file']
2025-05-10 18:41:42,806 - src.reconcile - INFO - Identified format: test
------------------------------ Captured log call ------------------------------
INFO     src.reconcile:reconcile.py:906 Importing folder: C:\Users\price\AppData\Local\Temp\pytest-of-price\pytest-424\test_import_folder0
INFO     src.reconcile:reconcile.py:743 Identifying file format
INFO     src.reconcile:reconcile.py:744 DataFrame columns: ['Transaction Date', 'Post Date', 'Description', 'Amount', 'Category', 'source_file']
INFO     src.reconcile:reconcile.py:764 Identified format: test
INFO     src.reconcile:reconcile.py:743 Identifying file format
INFO     src.reconcile:reconcile.py:744 DataFrame columns: ['Transaction Date', 'Post Date', 'Description', 'Amount', 'Category', 'source_file']
INFO     src.reconcile:reconcile.py:764 Identified format: test
___________________________ test_report_validation ____________________________
tests\test_6_reporting.py:297: in test_report_validation
    with pytest.raises(ValueError):
E   Failed: DID NOT RAISE <class 'ValueError'>
________________________ test_output_format_validation ________________________
tests\test_6_reporting.py:348: in test_output_format_validation
    assert sample_transactions_df['Matched'].isin(["True", "False"]).all(), \
E   AssertionError: Matched should be either 'True' or 'False'
E   assert np.False_
E    +  where np.False_ = all()
E    +    where all = 0    False\n1    False\n2    False\n3    False\n4    False\n5    False\n6    False\n7    False\nName: Matched, dtype: bool.all
E    +      where 0    False\n1    False\n2    False\n3    False\n4    False\n5    False\n6    False\n7    False\nName: Matched, dtype: bool = isin(['True', 'False'])
E    +        where isin = 0     True\n1     True\n2     True\n3     True\n4     True\n5    False\n6    False\n7    False\nName: Matched, dtype: bool.isin
______________________ test_save_reconciliation_results _______________________
tests\test_6_reporting.py:411: in test_save_reconciliation_results
    assert (df['Matched'] == "True").sum() == len(sample_matched_df)  # Count of "True" values should equal matches length
E   AssertionError: assert np.int64(0) == 2
E    +  where np.int64(0) = sum()
E    +    where sum = 0     True\n1     True\n2    False\n3    False\nName: Matched, dtype: bool == 'True'.sum
E    +  and   2 = len(  Transaction Date  Post Date Description  ...  Tags      reconciled_key Matched\n0       2025-03-17 2025-03-18  AMAZON.COM  ...        P:2025-03-17_40.33    True\n1       2025-03-18 2025-03-19     WALMART  ...        P:2025-03-18_25.99    True\n\n[2 rows x 12 columns])
============================== warnings summary ===============================
tests/test_2_file_formats.py::TestFormatValidation::test_amount_validation
  D:\local_reconcile\tests\test_2_file_formats.py:181: FutureWarning: Setting an item of incompatible dtype is deprecated and will raise an error in a future version of pandas. Value 'invalid' has dtype incompatible with float64, please explicitly cast to a compatible dtype first.
    df.loc[0, 'Debit'] = 'invalid'

tests/test_2_file_formats.py::TestFormatValidation::test_amount_validation
tests/test_2_file_formats.py::TestFormatValidation::test_amount_validation
tests/test_2_file_formats.py::TestFormatValidation::test_amount_validation
  D:\local_reconcile\tests\test_2_file_formats.py:166: FutureWarning: Setting an item of incompatible dtype is deprecated and will raise an error in a future version of pandas. Value 'invalid' has dtype incompatible with float64, please explicitly cast to a compatible dtype first.
    df.loc[0, 'Amount'] = 'invalid'

tests/test_2_file_formats.py::TestFormatValidation::test_chase_format_validation
  D:\local_reconcile\tests\test_2_file_formats.py:321: FutureWarning: Setting an item of incompatible dtype is deprecated and will raise an error in a future version of pandas. Value 'invalid' has dtype incompatible with float64, please explicitly cast to a compatible dtype first.
    df.loc[0, 'Amount'] = 'invalid'

tests/test_2_file_formats.py::TestFormatValidation::test_capital_one_format_validation
  D:\local_reconcile\tests\test_2_file_formats.py:386: FutureWarning: Setting an item of incompatible dtype is deprecated and will raise an error in a future version of pandas. Value 'invalid' has dtype incompatible with float64, please explicitly cast to a compatible dtype first.
    df.loc[0, 'Debit'] = 'invalid'

tests/test_2_file_formats.py::TestFormatValidation::test_amex_format_validation
  D:\local_reconcile\tests\test_2_file_formats.py:490: FutureWarning: Setting an item of incompatible dtype is deprecated and will raise an error in a future version of pandas. Value 'invalid' has dtype incompatible with float64, please explicitly cast to a compatible dtype first.
    df.loc[0, 'Amount'] = 'invalid'

tests/test_2_file_formats.py::test_aggregator_format_validation
  D:\local_reconcile\tests\test_2_file_formats.py:614: FutureWarning: Setting an item of incompatible dtype is deprecated and will raise an error in a future version of pandas. Value 'invalid' has dtype incompatible with float64, please explicitly cast to a compatible dtype first.
    df.loc[0, 'Amount'] = 'invalid'

-- Docs: https://docs.pytest.org/en/stable/how-to/capture-warnings.html
=========================== short test summary info ===========================
FAILED tests/test_1_utils.py::TestDirectoryOperations::test_ensure_directory
FAILED tests/test_1_utils.py::test_setup_logging - AssertionError: assert False
FAILED tests/test_2_file_formats.py::TestFormatValidation::test_amex_format_validation
FAILED tests/test_2_file_formats.py::test_data_conversion_consistency - Asser...
FAILED tests/test_3_file_loads.py::test_csv_import - ValueError: Error proces...
FAILED tests/test_3_file_loads.py::test_file_format_detection[chase] - assert...
FAILED tests/test_3_file_loads.py::test_file_format_detection[aggregator] - V...
FAILED tests/test_3_file_loads.py::test_invalid_file_handling - AssertionErro...
FAILED tests/test_3_file_loads.py::test_capitalized_file_extensions - ValueEr...
FAILED tests/test_5_reconciliation.py::test_setup_logging - AssertionError: a...
FAILED tests/test_5_reconciliation.py::test_ensure_directory - Failed: DID NO...
FAILED tests/test_5_reconciliation.py::test_import_folder - AssertionError: a...
FAILED tests/test_6_reporting.py::test_report_validation - Failed: DID NOT RA...
FAILED tests/test_6_reporting.py::test_output_format_validation - AssertionEr...
FAILED tests/test_6_reporting.py::test_save_reconciliation_results - Assertio...
============ 15 failed, 73 passed, 1 skipped, 8 warnings in 6.30s =============
